[www.yanbal.com/pe/index.html]
[backblue.gif]
[fade.gif]
[index.html]
[www.yanbal.com/_ui/responsive/theme-yanbal/images/logo-share.png]
[www.yanbal.com/_ui/responsive/theme-yanbal/images/icon/iphone-icon-64x64.png]
[www.yanbal.com/_ui/responsive/theme-yanbal/images/favicon.png]
[www.yanbal.com/_ui/responsive/theme-yanbal/images/icon/yanbal-icon-57x57.png]
[www.yanbal.com/_ui/responsive/theme-yanbal/images/icon/yanbal-icon-72x72.png]
[www.yanbal.com/_ui/responsive/theme-yanbal/images/icon/yanbal-icon-114x114.png]
[www.yanbal.com/_ui/responsive/theme-yanbal/images/icon/yanbal-icon-144x144.png]
[www.yanbal.com/_ui/responsive/theme-yanbal/images/icon/yanbal-icon-180x180.png]
[www.yanbal.com/_ui/responsive/theme-yanbal/images/icon/yanbal-icon-192x192.jpg]
[www.yanbal.com/wro/home_essentials.min0cc9.css]
[www.yanbal.com/wro/home_essentials_mobile.min0cc9.css]
[www.yanbal.com/wro/home_notEssential.min0cc9.css]
[www.yanbal.com/_ui/shared/js/analyticsmediator.js]
[www.yanbal.com/_ui/responsive/theme-yanbal/images/avatar-style-advisor.png]
[www.yanbal.com/medias/PE-Menu-Tratamiento5b0c.jpg]
[www.yanbal.com/medias/PE-Menu-Corporala70c.jpg]
[www.yanbal.com/medias/PE-Menu-Maquillaje995d.jpg]
[www.yanbal.com/medias/PE-Menu-Fraganciasb52f.jpg]
[www.yanbal.com/medias/PE-Menu-Joyeria464f.jpg]
[www.yanbal.com/medias/240Wx240H-Yanbal-OriginalFormat-20013117-01842d.jpg]
[www.yanbal.com/medias/240Wx240H-Yanbal-OriginalFormat-20013117-02f52b.jpg]
[www.yanbal.com/medias/240Wx240H-Yanbal-OriginalFormat-20013722-015a83.jpg]
[www.yanbal.com/medias/240Wx240H-Yanbal-OriginalFormat-20013411-es-PE-01857a.jpg]
[www.yanbal.com/medias/240Wx240H-Yanbal-OriginalFormat-20013411-es-PE-02a623.jpg]
[www.yanbal.com/medias/240Wx240H-Yanbal-OriginalFormat-20012702-01a168.jpg]
[www.yanbal.com/medias/240Wx240H-Yanbal-OriginalFormat-20012702-026618.jpg]
[www.yanbal.com/medias/240Wx240H-Yanbal-OriginalFormat-25038997-015168.jpg]
[www.yanbal.com/medias/240Wx240H-Yanbal-OriginalFormat-25038997-029152.jpg]
[www.yanbal.com/medias/240Wx240H-Yanbal-OriginalFormat-25039004-01136c.jpg]
[www.yanbal.com/medias/240Wx240H-Yanbal-OriginalFormat-25039004-0205e1.jpg]
[www.yanbal.com/medias/240Wx240H-Yanbal-OriginalFormat-20012404-01fcba.jpg]
[www.yanbal.com/medias/240Wx240H-Yanbal-OriginalFormat-25039002-01eece.jpg]
[www.yanbal.com/medias/240Wx240H-Yanbal-OriginalFormat-25039002-028b1c.jpg]
[www.yanbal.com/medias/240Wx240H-Yanbal-OriginalFormat-20013214-013384.jpg]
[www.yanbal.com/medias/PE-TOTALBLOCK-C0295f0.jpg]
[www.yanbal.com/medias/PE-DERMA-C02be66.jpg]
[www.yanbal.com/medias/PE-GAIA-C022a93.jpg]
[www.yanbal.com/medias/fondo-selloscorp-d9213.jpg]
[www.yanbal.com/medias/libro-reclamaciones-120x88a4de.png]
[www.yanbal.com/medias/footer-image-2-PEb258.png]
[www.yanbal.com/wro/addons_responsive0cc9.css]
[www.yanbal.com/_ui/shared/js/generatedVariables.js]
[js.hs-scripts.com/22690059.js]
[www.yanbal.com/pe/index.html]
[www.yanbal.com/_ui/responsive/theme-yanbal/images/icon/yanbal-icon-32x32.html]
[www.yanbal.com/_ui/responsive/theme-yanbal/images/icon/yanbal-icon-270x270.html]
[www.yanbal.com/wro/home_essentials0cc9.js]
[www.yanbal.com/_ui/responsive/common/images/productShareIcon.png]
[www.yanbal.com/_ui/responsive/theme-yanbal/images/check-box-button.png]
[www.yanbal.com/_ui/responsive/common/images/select-arrow-black.png]
[www.yanbal.com/_ui/responsive/theme-yanbal/images/icon-check-pass.png]
[www.yanbal.com/_ui/responsive/theme-yanbal/images/loading-icon4.gif]
[www.yanbal.com/_ui/responsive/theme-yanbal/images/arrow-icon-header.png]
[www.yanbal.com/_ui/responsive/theme-yanbal/images/check_icon_login.png]
[www.yanbal.com/_ui/responsive/common/images/spritesheet.png]
[www.yanbal.com/_ui/responsive/theme-yanbal/images/checkCDC.png]
[www.yanbal.com/_ui/responsive/theme-yanbal/images/facebook.png]
[www.yanbal.com/_ui/responsive/theme-yanbal/images/google.png]
[www.yanbal.com/_ui/responsive/theme-yanbal/images/success-reset-password.png]
[www.yanbal.com/_ui/responsive/theme-yanbal/images/check-radio-button-wihte.png]
[www.yanbal.com/_ui/responsive/common/images/AjaxLoader.gif]
[www.yanbal.com/_ui/responsive/theme-yanbal/images/arrow-box-wishlist.png]
[www.yanbal.com/_ui/addons/assistedservicestorefront/responsive/common/images/customer360/icon1.png]
[www.yanbal.com/_ui/addons/assistedservicestorefront/responsive/common/images/customer360/icon2.png]
[www.yanbal.com/_ui/addons/assistedservicestorefront/responsive/common/images/customer360/icon3.png]
[www.yanbal.com/_ui/addons/assistedservicestorefront/responsive/common/images/customer360/asm__customer360-overview-info-points-medal-silver-on.png]
[www.yanbal.com/_ui/addons/assistedservicestorefront/responsive/common/images/customer360/asm__customer360-overview-info-points-medal-silver-off.png]
[www.yanbal.com/_ui/addons/assistedservicestorefront/responsive/common/images/customer360/asm__customer360-overview-info-points-medal-gold-on.png]
[www.yanbal.com/_ui/addons/assistedservicestorefront/responsive/common/images/customer360/asm__customer360-overview-info-points-medal-gold-off.png]
[www.yanbal.com/_ui/addons/assistedservicestorefront/responsive/common/images/customer360/asm__customer360-overview-info-points-medal-platinum-on.png]
[www.yanbal.com/_ui/addons/assistedservicestorefront/responsive/common/images/customer360/asm__customer360-overview-info-points-medal-platinum-off.png]
[www.yanbal.com/_ui/addons/assistedservicestorefront/responsive/common/images/customer360/asm__customer360-overview-info-points-btn.png]
[www.yanbal.com/_ui/addons/assistedservicestorefront/responsive/common/images/customer360/icon-desktop.png]
[www.yanbal.com/_ui/addons/assistedservicestorefront/responsive/common/images/customer360/icon-tablet.png]
[www.yanbal.com/_ui/addons/assistedservicestorefront/responsive/common/images/customer360/icon-mobile.png]
[www.yanbal.com/_ui/addons/assistedservicestorefront/responsive/common/images/customer360/icon-computer.png]
[www.yanbal.com/_ui/addons/assistedservicestorefront/responsive/common/images/customer360/icon-console.png]
[www.yanbal.com/_ui/addons/assistedservicestorefront/responsive/common/images/customer360/icon-tv.png]
[www.yanbal.com/_ui/addons/assistedservicestorefront/responsive/common/images/customer360/icon-other.png]
[www.yanbal.com/_ui/addons/assistedservicestorefront/responsive/common/images/customer360/icon-chrome.png]
[www.yanbal.com/_ui/addons/assistedservicestorefront/responsive/common/images/customer360/icon-safari.png]
[www.yanbal.com/_ui/addons/assistedservicestorefront/responsive/common/images/customer360/icon-firefox.png]
[www.yanbal.com/_ui/addons/assistedservicestorefront/responsive/common/images/customer360/icon-ie.png]
[www.yanbal.com/_ui/addons/assistedservicestorefront/responsive/common/images/customer360/icon-opera.png]
[www.yanbal.com/_ui/addons/assistedservicestorefront/responsive/common/images/customer360/visa.png]
[www.yanbal.com/_ui/addons/assistedservicestorefront/responsive/common/images/customer360/amex.png]
[www.yanbal.com/_ui/addons/assistedservicestorefront/responsive/common/images/customer360/master.png]
[www.yanbal.com/_ui/addons/assistedservicestorefront/responsive/common/images/customer360/maestro.png]
[www.yanbal.com/_ui/addons/assistedservicestorefront/responsive/common/images/customer360/diners.png]
[www.yanbal.com/wro/home_essentials.min0cc9.css]
[www.yanbal.com/wro/home_essentials_mobile.min0cc9.css]
[www.yanbal.com/_ui/responsive/theme-yanbal/images/newsletter-lb.jpg]
[www.yanbal.com/wro/home_notEssential.min0cc9.css]
[www.googletagmanager.com/gtm5445.html]
[www.yanbal.com/wro/addons_responsive0cc9.css]
[www.yanbal.com/_ui/responsive/common/images/usa.html]
[www.yanbal.com/_ui/responsive/theme-yanbal/css/owl.video.play.html]
